[backblue.gif]
[fade.gif]
[index.html]
[dharma.crc.nd.edu/templates/protostar-dharma/favicon.ico]
[dharma.crc.nd.edu/media/jui/js/jquery.minf928.js]
[dharma.crc.nd.edu/index.php/component/search/index5496.html]
[dharma.crc.nd.edu/media/jui/js/jquery-noconflictf928.js]
[dharma.crc.nd.edu/media/jui/js/jquery-migrate.minf928.js]
[dharma.crc.nd.edu/media/system/js/captionf928.js]
[dharma.crc.nd.edu/media/jui/js/bootstrap.minf928.js]
[dharma.crc.nd.edu/templates/protostar-dharma/js/template.js]
[dharma.crc.nd.edu/images/india/pano-taj_ph.jpg]
[dharma.crc.nd.edu/images/dharma/DHARMA_blue1_title_Left.png]
[dharma.crc.nd.edu/images/dharma/DHARMA_blue1_title_Right.png]
[dharma.crc.nd.edu/images/Visualization/KK_bookCover.jpg]
[dharma.crc.nd.edu/images/Visualization/app-titus_300.jpg]
[dharma.crc.nd.edu/images/Visualization/PointCloudArchOfTitus.png]
[dharma.crc.nd.edu/images/Visualization/forum_MZps1.png]
[dharma.crc.nd.edu/images/india/Team_survey_India_1.jpg]
[dharma.crc.nd.edu/index.html]
[dharma.crc.nd.edu/media/jui/fonts/IcoMoon.eot]
[dharma.crc.nd.edu/media/jui/fonts/IcoMoond41d.eot]
[dharma.crc.nd.edu/media/jui/fonts/IcoMoon.woff]
[dharma.crc.nd.edu/media/jui/fonts/IcoMoon.ttf]
[dharma.crc.nd.edu/images/india/pano-taj_long.jpg]
[dharma.crc.nd.edu/images/india/about_pano.jpg]
[dharma.crc.nd.edu/images/india/research_pano.jpg]
[dharma.crc.nd.edu/images/dharma/community_pano.jpg]
[dharma.crc.nd.edu/images/india/river-front-pano.jpg]
[dharma.crc.nd.edu/images/india/akbar_pano.jpg]
[dharma.crc.nd.edu/images/india/itmad-data-pano.jpg]
[dharma.crc.nd.edu/images/india/taj-pano-2.jpg]
[dharma.crc.nd.edu/images/italy/colosseum-panorama_lg.jpg]
[dharma.crc.nd.edu/images/italy/forum_app/pano-app.jpg]
[dharma.crc.nd.edu/images/italy/vatican/pano-vatican.jpg]
[dharma.crc.nd.edu/images/italy/forum-overview_pano.jpg]
[dharma.crc.nd.edu/images/dharma/dharma_logo_wheel.png]
[dharma.crc.nd.edu/templates/protostar-dharma/css/template.css]
[dharma.crc.nd.edu/index.php/component/search/indexa12a.html]
[dharma.crc.nd.edu/images/india/about_ph.jpg]
[dharma.crc.nd.edu/images/dharma/AboutImageTitle.png]
[dharma.crc.nd.edu/images/Graphics/Subtitle_enddot_l.png]
[dharma.crc.nd.edu/images/Graphics/Subtitle_enddot_r.png]
[dharma.crc.nd.edu/images/italy/vatican/about_vatican.png]
[dharma.crc.nd.edu/index.php/about/introduction.html]
[dharma.crc.nd.edu/index.php/component/search/index0499.html]
[dharma.crc.nd.edu/images/italy/colosseum-panorama_ph.jpg]
[dharma.crc.nd.edu/images/dharma/DHARMA_blue2_title_Left.png]
[dharma.crc.nd.edu/images/dharma/DHARMA_blue2_title_Right.png]
[dharma.crc.nd.edu/images/india/student-working.jpg]
[dharma.crc.nd.edu/images/technology/Cortile_person_photo1.jpg]
[dharma.crc.nd.edu/images/italy/leica-in-action_350.jpg]
[dharma.crc.nd.edu/images/italy/2022DialoghiCuria/Krupali2022A.jpg]
[dharma.crc.nd.edu/images/Graphics/Timeline_longline1.png]
[dharma.crc.nd.edu/images/Graphics/Timeline_enddot1.png]
[dharma.crc.nd.edu/index.php/projects.html]
[dharma.crc.nd.edu/images/india/research_ph.jpg]
[dharma.crc.nd.edu/index.php/publications.html]
[dharma.crc.nd.edu/images/dharma/community_ph.jpg]
[dharma.crc.nd.edu/index.php/component/search/index9df7.html]
[dharma.crc.nd.edu/images/Visualization/DHARMAmainTitle_Viz.png]
[dharma.crc.nd.edu/images/Visualization/Capture.jpg]
[dharma.crc.nd.edu/index.php/component/search/index56b3.html]
[dharma.crc.nd.edu/images/Visualization/cortile1.jpg]
[dharma.crc.nd.edu/images/ProfileImages/Krupali_Circular.png]
[dharma.crc.nd.edu/images/ProfileImages/Giovanna_Circular.png]
[dharma.crc.nd.edu/images/ProfileImages/CLW_Circular.png]
[dharma.crc.nd.edu/images/ProfileImages/Chase_Circular.png]
[dharma.crc.nd.edu/images/ProfileImages/SY_Circular.png]
[dharma.crc.nd.edu/images/ProfileImages/Chad_Circular.png]
[dharma.crc.nd.edu/images/ProfileImages/Blake_Circular.png]
[dharma.crc.nd.edu/images/ProfileImages/XY_circular.png]
[dharma.crc.nd.edu/index.php/community.html]
[dharma.crc.nd.edu/index.php/component/search/index13a8.html]
[dharma.crc.nd.edu/images/italy/forum-overview_ph.jpg]
[dharma.crc.nd.edu/images/italy/forum_2014/griffin_long.jpg]
[dharma.crc.nd.edu/images/italy/exhibit/exhibit_column.jpg]
[dharma.crc.nd.edu/images/italy/forum_2014/proceedings/dauge_unesco_address.pdf]
[dharma.crc.nd.edu/index.php/news-events.html]
[dharma.crc.nd.edu/index.php/component/search/indexf3ef.html]
[dharma.crc.nd.edu/images/italy/from_pen_to_pixel/From_pen_to_piexel.png]
[dharma.crc.nd.edu/images/italy/from_pen_to_pixel/Forumpresent.jpg]
[dharma.crc.nd.edu/images/italy/from_pen_to_pixel/scannerinforum2.jpg]
[dharma.crc.nd.edu/index.php/projects/italy/roman-forum/from-pen-to-pixel.html]
[dharma.crc.nd.edu/images/italy/forum_app/pano-app_ph.jpg]
[dharma.crc.nd.edu/images/Screen_Shot_2022-09-28_at_105005_AM.png]
[dharma.crc.nd.edu/index.php/component/search/index1b75.html]
[dharma.crc.nd.edu/images/italy/forum_app/InteractiveAppGoals.png]
[dharma.crc.nd.edu/images/italy/forum_app/app-titus.jpg]
[dharma.crc.nd.edu/images/italy/forum_app/app-closeup.jpg]
[dharma.crc.nd.edu/images/italy/forum_app/app-map.jpg]
[dharma.crc.nd.edu/images/logos/logo-mibac.jpg]
[dharma.crc.nd.edu/images/logos/logo-parco.jpg]
[dharma.crc.nd.edu/index.php/projects/italy/roman-forum/roman-forum-app.html]
[dharma.crc.nd.edu/images/Visualization/Aerial2.jpg]
[dharma.crc.nd.edu/index.php/component/search/index37d2.html]
[dharma.crc.nd.edu/images/Visualization/Capture2.jpg]
[dharma.crc.nd.edu/images/Visualization/Aerial3.jpg]
[dharma.crc.nd.edu/images/Visualization/Aerial4.jpg]
[dharma.crc.nd.edu/images/Visualization/Capture3.jpg]
[dharma.crc.nd.edu/index.php/11-dharma/projects/italy/54-reconstruction-roman-forum.html]
[dharma.crc.nd.edu/index.php/projects/mainvisualization/visualization.html]
[dharma.crc.nd.edu/media/jui/fonts/IcoMoon.svg]
[dharma.crc.nd.edu/images/italy/community_pano.html]
[dharma.crc.nd.edu/images/daspos/daspos_footer.html]
[dharma.crc.nd.edu/images/india/our-team-pano.jpg]
[dharma.crc.nd.edu/index.php/component/search/index6dce.html]
[dharma.crc.nd.edu/images/india/our-team_ph.jpg]
[dharma.crc.nd.edu/images/italy/student_pano.jpg]
[dharma.crc.nd.edu/images/logos/Screen_Shot_2021-07-01_at_7.43.16_PM.png]
[dharma.crc.nd.edu/index.php/about/our-team.html]
[dharma.crc.nd.edu/images/logos/unesco_whc.jpg]
[dharma.crc.nd.edu/images/logos/mibac.jpg]
[dharma.crc.nd.edu/index.php/component/search/index1e86.html]
[dharma.crc.nd.edu/images/logos/asi.jpg]
[dharma.crc.nd.edu/images/favicon-social-1500.png]
[dharma.crc.nd.edu/index.php/about/our-partners.html]
[dharma.crc.nd.edu/images/logos/nd_mark_blue.jpg]
[dharma.crc.nd.edu/images/logos/kellog.jpg]
[dharma.crc.nd.edu/index.php/component/search/indexccb9.html]
[dharma.crc.nd.edu/images/logos/cuse.jpg]
[dharma.crc.nd.edu/images/logos/lgs_logo_web.gif]
[dharma.crc.nd.edu/images/logos/et.jpg]
[dharma.crc.nd.edu/images/logos/ni_mark_left_cmyk.jpg]
[dharma.crc.nd.edu/images/aktc-text-bis.png]
[dharma.crc.nd.edu/index.php/about/our-sponsors.html]
[dharma.crc.nd.edu/images/dharma/DHARMAmainTitle_Orange.png]
[dharma.crc.nd.edu/images/technology/3DScanning.png]
[dharma.crc.nd.edu/index.php/component/search/index58ff.html]
[dharma.crc.nd.edu/images/technology/FieldDocumentation.png]
[dharma.crc.nd.edu/images/technology/SoftwareDevelopment.png]
[dharma.crc.nd.edu/images/technology/HDRPhotography.png]
[dharma.crc.nd.edu/images/technology/3Dviz.png]
[dharma.crc.nd.edu/images/technology/VisualizationProgramming.png]
[dharma.crc.nd.edu/images/technology/Agra_overview.png]
[dharma.crc.nd.edu/images/technology/ArchivalResearch.png]
[dharma.crc.nd.edu/images/technology/3DViz2.png]
[dharma.crc.nd.edu/images/technology/VisarryCombined.png]
[dharma.crc.nd.edu/index.php/about/technology.html]
[dharma.crc.nd.edu/index.php/about/terms-of-use.html]
[dharma.crc.nd.edu/index.php/component/search/index1b91.html]
[dharma.crc.nd.edu/images/india/contact_pano.jpg]
[dharma.crc.nd.edu/images/india/contact_ph.jpg]
[dharma.crc.nd.edu/index.php/component/search/indexfbf0.html]
[dharma.crc.nd.edu/index.php/about/contact.html]
[dharma.crc.nd.edu/index.php/about/in-media.html]
[dharma.crc.nd.edu/images/dharma/aboutDVARCAimgeTitle.png]
[dharma.crc.nd.edu/index.php/component/search/indexd554.html]
[dharma.crc.nd.edu/images/dharma/Urban_Rural_Connect.png]
[dharma.crc.nd.edu/index.php/component/search/index7c63.html]
[dharma.crc.nd.edu/images/dharma/Balance_bet_Green_and_Built_World.png]
[dharma.crc.nd.edu/index.php/about/dvarca.html]
[dharma.crc.nd.edu/images/italy/ForumScan3.png]
[dharma.crc.nd.edu/images/italy/RomanSympoB.jpg]
[dharma.crc.nd.edu/index.php/component/search/index44bf.html]
[dharma.crc.nd.edu/index.php/projects/italy/roman-forum.html]
[dharma.crc.nd.edu/images/italy/vatican/pano-vatican_ph.jpg]
[dharma.crc.nd.edu/images/italy/vatican/Vatican3.png]
[dharma.crc.nd.edu/index.php/component/search/index226a.html]
[dharma.crc.nd.edu/images/italy/vatican/vatican-group.jpg]
[dharma.crc.nd.edu/index.php/projects/italy/vatican.html]
[dharma.crc.nd.edu/index.php/component/search/indexf76f.html]
[dharma.crc.nd.edu/images/india/taj-pano-2_ph.jpg]
[dharma.crc.nd.edu/images/india/TajFrontEleTexted.png]
[dharma.crc.nd.edu/images/india/taj-schematic.png]
[dharma.crc.nd.edu/images/india/Ganj_Panorama1_copy.jpg]
[dharma.crc.nd.edu/index.php/projects/taj-mahal-menu/taj-mahal.html]
[dharma.crc.nd.edu/index.php/component/search/index2030.html]
[dharma.crc.nd.edu/images/ProfileImages/chaoliW.jpg]
[dharma.crc.nd.edu/images/ProfileImages/headshot.jpg]
[dharma.crc.nd.edu/images/ProfileImages/SY_square.jpg]
[dharma.crc.nd.edu/index.php/projects/mainvisualization/visualization-forum.html]
[dharma.crc.nd.edu/images/india/river-front_ph.jpg]
[dharma.crc.nd.edu/index.php/component/search/index9ec9.html]
[dharma.crc.nd.edu/images/india/riverFrontStudyImageTitle.png]
[dharma.crc.nd.edu/images/india/river-front-jointed.png]
[dharma.crc.nd.edu/index.php/projects/taj-mahal-menu/agra-menu/river-front-study.html]
[dharma.crc.nd.edu/images/india/MumbaiImageTitle.png]
[dharma.crc.nd.edu/index.php/component/search/index9132.html]
[dharma.crc.nd.edu/images/india/history_of_mumbai.jpg]
[dharma.crc.nd.edu/index.php/projects/taj-mahal-menu/india.html]
[dharma.crc.nd.edu/images/india/SeaLevelRiseImageTitle.png]
[dharma.crc.nd.edu/images/india/SeaLevelRiseB.png]
[dharma.crc.nd.edu/images/dharma/Integrated_Urban_Planning.png]
[dharma.crc.nd.edu/index.php/component/search/indexffdb.html]
[dharma.crc.nd.edu/index.php/projects/taj-mahal-menu/india/sea-level-rise.html]
[dharma.crc.nd.edu/index.php/component/search/indexbcc2.html]
[dharma.crc.nd.edu/images/italy/exhibit/exhibit_banner.jpg]
[dharma.crc.nd.edu/images/italy/griffin_filled_reverse_orange.jpg]
[dharma.crc.nd.edu/images/logos/nasa-logo.png]
[dharma.crc.nd.edu/images/logos/seal-lettering-horizontal.png]
[dharma.crc.nd.edu/index.php/news-events/forum-symposium-2014/symposium.html]
[dharma.crc.nd.edu/index.php/news-events/forum-symposium-2014/exhibit.html]
[dharma.crc.nd.edu/images/italy/vatican/Cortile3.png]
[dharma.crc.nd.edu/index.php/component/search/index3550.html]
[dharma.crc.nd.edu/index.php/projects/italy/vatican/evolution-of-cortile-del-belvedere.html]
[dharma.crc.nd.edu/index.php/component/search/indexdd2f.html]
[dharma.crc.nd.edu/images/italy/vatican/VaticanWritingImage1.png]
[dharma.crc.nd.edu/index.php/projects/italy/vatican/vatican-publications.html]
[dharma.crc.nd.edu/images/india/MumbaiStudioPlan1.png]
[dharma.crc.nd.edu/index.php/component/search/indexcddc.html]
[dharma.crc.nd.edu/images/dharma/Mumbai_Long_term_Goals.png]
[dharma.crc.nd.edu/index.php/component/search/index10f5.html]
[dharma.crc.nd.edu/index.php/projects/taj-mahal-menu/india/mumbai.html]
[dharma.crc.nd.edu/images/india/TajTourismA.png]
[dharma.crc.nd.edu/images/india/TajScanA.png]
[dharma.crc.nd.edu/index.php/component/search/indexcb28.html]
[dharma.crc.nd.edu/index.php/projects/taj-mahal-menu/taj-mahal/taj-today.html]
[dharma.crc.nd.edu/images/india/TajRestoA.png]
[dharma.crc.nd.edu/index.php/projects/taj-mahal-menu/taj-mahal/taj-tomorrow.html]
[dharma.crc.nd.edu/index.php/projects/taj-mahal-menu/agra-menu.html]
[dharma.crc.nd.edu/index.php/component/search/index072a.html]
[dharma.crc.nd.edu/index.php/component/search/index28ce.html]
[dharma.crc.nd.edu/images/india/itmad-data_ph.jpg]
[dharma.crc.nd.edu/images/india/itmadTombImageTitle.png]
[dharma.crc.nd.edu/index.php/component/search/indexc5fb.html]
[dharma.crc.nd.edu/images/india/itmadeleFull.png]
[dharma.crc.nd.edu/images/india/itmadexteriorfull.png]
[dharma.crc.nd.edu/images/india/itmaddetailfull.png]
[dharma.crc.nd.edu/index.php/projects/taj-mahal-menu/agra-menu/itmad-ud-daulah-tomb.html]
[dharma.crc.nd.edu/images/india/akbar_ph.jpg]
[dharma.crc.nd.edu/index.php/component/search/index548d.html]
[dharma.crc.nd.edu/images/india/akbarTombImageTitle.png]
[dharma.crc.nd.edu/images/india/akbarFull.png]
[dharma.crc.nd.edu/images/india/akbardetailFull.png]
[dharma.crc.nd.edu/index.php/projects/taj-mahal-menu/agra-menu/akbars-tomb.html]
[dharma.crc.nd.edu/index.php/projects/india/river-front-study.html]
[dharma.crc.nd.edu/index.php/projects/italy.html]
[dharma.crc.nd.edu/index.php/projects/mainvisualization/forum-models.html]
[dharma.crc.nd.edu/index.php/component/search/indexa824.html]
[dharma.crc.nd.edu/index.php/component/search/index403e.html]
[dharma.crc.nd.edu/libs/jquery/jquery-3.1.1.min.js]
[dharma.crc.nd.edu/libs/spectrum/spectrum.js]
[dharma.crc.nd.edu/libs/jquery-ui/jquery-ui.min.js]
[dharma.crc.nd.edu/libs/other/BinaryHeap.js]
[dharma.crc.nd.edu/libs/tween/tween.min.js]
[dharma.crc.nd.edu/libs/d3/d3.js]
[dharma.crc.nd.edu/libs/proj4/proj4.js]
[dharma.crc.nd.edu/libs/openlayers3/ol.js]
[dharma.crc.nd.edu/libs/i18next/i18next.js]
[dharma.crc.nd.edu/libs/jstree/jstree.js]
[dharma.crc.nd.edu/libs/potree/potree.js]
[dharma.crc.nd.edu/libs/plasio/js/laslaz.js]
[dharma.crc.nd.edu/resources/images/rome/tosCornice.jpg]
[dharma.crc.nd.edu/resources/images/rome/tosArch.jpg]
[dharma.crc.nd.edu/resources/images/rome/tovat.jpg]
[dharma.crc.nd.edu/resources/images/DHARMA_logo_long.png]
[dharma.crc.nd.edu/resources/logo_small.png]
[dharma.crc.nd.edu/src/rome_lesson.html]
[dharma.crc.nd.edu/index.php/component/search/index9e65.html]
[dharma.crc.nd.edu/images/italy/forum_2014/abstracts/packer_abstract.pdf]
[dharma.crc.nd.edu/images/italy/forum_2014/abstracts/scopigno_abstract.pdf]
[dharma.crc.nd.edu/images/italy/forum_2014/abstracts/gorski_abstract.pdf]
[dharma.crc.nd.edu/images/italy/forum_2014/abstracts/baglioni_abstract.pdf]
[dharma.crc.nd.edu/images/italy/forum_2014/abstracts/krusche_abstract.pdf]
[dharma.crc.nd.edu/index.php/news-events/forum-symposium-2014/program/april-3.html]
[dharma.crc.nd.edu/images/italy/forum_2014/centre_photo_grid.jpg]
[dharma.crc.nd.edu/index.php/news-events/forum-symposium-2014/attendee-information.html]
[dharma.crc.nd.edu/images/logos/indissoluble_logo.jpg]
[dharma.crc.nd.edu/index.php/news-events/forum-symposium-2014/sponsors.html]
[dharma.crc.nd.edu/images/italy/forum_2014/speakers/bernhard.jpg]
[dharma.crc.nd.edu/index.php/component/search/indexb09b.html]
[dharma.crc.nd.edu/images/italy/forum_2014/speakers/barbera.jpg]
[dharma.crc.nd.edu/images/italy/forum_2014/speakers/fortini_cu.jpg]
[dharma.crc.nd.edu/images/italy/forum_2014/speakers/packer.jpg]
[dharma.crc.nd.edu/images/italy/forum_2014/speakers/blom.jpg]
[dharma.crc.nd.edu/images/italy/forum_2014/abstracts/blom_abstract.pdf]
[dharma.crc.nd.edu/images/italy/forum_2014/speakers/scopigno.jpg]
[dharma.crc.nd.edu/images/italy/forum_2014/speakers/gorski.jpg]
[dharma.crc.nd.edu/images/italy/forum_2014/speakers/baglioni.jpg]
[dharma.crc.nd.edu/images/italy/forum_2014/speakers/krusche.jpg]
[dharma.crc.nd.edu/images/italy/forum_2014/speakers/stubbs.jpg]
[dharma.crc.nd.edu/images/italy/forum_2014/speakers/ackerman.jpg]
[dharma.crc.nd.edu/images/italy/forum_2014/abstracts/ackerman_abstract.pdf]
[dharma.crc.nd.edu/images/italy/forum_2014/speakers/rhodes.jpg]
[dharma.crc.nd.edu/images/italy/forum_2014/abstracts/rhodes_abstract.pdf]
[dharma.crc.nd.edu/images/italy/forum_2014/speakers/nabrzyski.jpg]
[dharma.crc.nd.edu/images/italy/forum_2014/abstracts/nabrzyski_abstract.pdf]
[dharma.crc.nd.edu/images/italy/forum_2014/speakers/tucker.jpg]
[dharma.crc.nd.edu/images/italy/forum_2014/abstracts/tucker_abstract.pdf]
[dharma.crc.nd.edu/images/italy/forum_2014/speakers/sever-gps.jpg]
[dharma.crc.nd.edu/images/italy/forum_2014/abstracts/sever_abstract.pdf]
[dharma.crc.nd.edu/images/italy/forum_2014/speakers/comer.jpg]
[dharma.crc.nd.edu/images/italy/forum_2014/abstracts/comer_abstract.pdf]
[dharma.crc.nd.edu/images/italy/forum_2014/speakers/doordan.jpg]
[dharma.crc.nd.edu/images/italy/forum_2014/speakers/lykoudis.jpg]
[dharma.crc.nd.edu/index.php/news-events/forum-symposium-2014/program/speakers.html]
[dharma.crc.nd.edu/images/italy/forum_2014/dharma_conference_walking_tour.pdf]
[dharma.crc.nd.edu/index.php/news-events/forum-symposium-2014/program/april-4.html]
[dharma.crc.nd.edu/libs/potree/potree.css]
[dharma.crc.nd.edu/index.php/component/search/index7d2f.html]
[dharma.crc.nd.edu/libs/jquery-ui/images/ui-icons_444444_256x240.png]
[dharma.crc.nd.edu/libs/jquery-ui/images/ui-icons_555555_256x240.png]
[dharma.crc.nd.edu/libs/jquery-ui/images/ui-icons_ffffff_256x240.png]
[dharma.crc.nd.edu/libs/jquery-ui/images/ui-icons_777620_256x240.png]
[dharma.crc.nd.edu/libs/jquery-ui/images/ui-icons_cc0000_256x240.png]
[dharma.crc.nd.edu/libs/jquery-ui/images/ui-icons_777777_256x240.png]
[dharma.crc.nd.edu/libs/jquery-ui/jquery-ui.min.css]
[dharma.crc.nd.edu/libs/openlayers3/ol.css]
[dharma.crc.nd.edu/libs/spectrum/spectrum.css]
[dharma.crc.nd.edu/libs/jstree/themes/mixed/32px.png]
[dharma.crc.nd.edu/libs/jstree/themes/mixed/throbber.gif]
[dharma.crc.nd.edu/libs/jstree/themes/mixed/40px.png]
[dharma.crc.nd.edu/libs/jstree/themes/mixed/style.css]
[dharma.crc.nd.edu/libs/Cesium/Widgets/CesiumWidget/CesiumWidget.css]
[dharma.crc.nd.edu/src/'/libs/potree/resources/images/background.html]
[dharma.crc.nd.edu/resources/images/rome/aossArch.html]
[dharma.crc.nd.edu/resources/images/rome/aossFigure.html]
[dharma.crc.nd.edu/index.php/news-events/forum-symposium-2014/program/scientific-committee.html]
[dharma.crc.nd.edu/index.php/news-events/forum-symposium-2014/program/organizers.html]
[dharma.crc.nd.edu/index.php/component/search/index01a8.html]
[dharma.crc.nd.edu/index.php/component/search/index553d.html]
[dharma.crc.nd.edu/index.php/component/search/index6bba.html]
[dharma.crc.nd.edu/images/dharma/forum_2014/dharma_conference_walking_tour.pdf]
[dharma.crc.nd.edu/images/logos/architecture_logo.jpg]
[dharma.crc.nd.edu/images/logos/intbau_usa_logo.jpg]
[dharma.crc.nd.edu/index.php/component/search/indexf9cb.html]
